================================================================================
  fixed_error.log
  YuNagaoka/mango_multithreads_wang — オリジナル mango からの修正点
================================================================================

--------------------------------------------------------------------------------
[1] ビルド修正
--------------------------------------------------------------------------------

対象: src/RcppExports.cpp
  - コメントヘッダーを C++ 向けに修正
    Before: # This file was generated by Rcpp::compileAttributes() ...
    After : // This file was generated by Rcpp::compileAttributes() ...
  - '#' はシェルコメントであり C++ プリプロセッサとして不正。
    "invalid preprocessing directive #This" ビルドエラーを修正。
  - parseFastq の戻り型を mangoC.cpp の実装に合わせて修正。

対象: src/mangoC.cpp
  - テンプレート関数 (NumberToString, IntToString, StringToInt, get_strand) を
    parseFastq より前に移動。C++ ではテンプレートは使用箇所より前に定義が必要。
    移動後に残っていた重複定義を削除。

--------------------------------------------------------------------------------
[2] gzip (.fastq.gz) 対応
--------------------------------------------------------------------------------

対象: src/mangoC.cpp — parseFastq
  - .fastq.gz 入力時に system("gzip -dc ...") で一時ファイルに解凍して処理。
  - gzip コマンドの終了コードを確認し、失敗時は一時ファイルをクリーンアップして
    Rcpp::stop() でエラーを報告。
  - 両 FASTQ ファイルについて ifstream::is_open() でオープン確認を追加。
    オープン失敗時は Rcpp::stop() でエラーを報告。

対象: R/findScore.R
  - ファイル先頭 2 バイトのマジックナンバー (0x1f 0x8b) で gzip を判定。
  - gzip ファイルの場合は gzfile(fastq, open = "rt") で透過的に読み込み。
  - 非 gzip ファイルの場合は従来通り file(fastq, open = "r") を使用。
    Before: con <- file(fastq, open="r")
    After : if (gzip) con <- gzfile(fastq, open="rt") else con <- file(fastq, ...)

--------------------------------------------------------------------------------
[3] リンカートリミング修正
--------------------------------------------------------------------------------

対象: src/mangoC.cpp — parseFastq
  - リンカー最初発見位置でシーケンスおよびクオリティ文字列を正しくトリム。
  - minlength / maxlength フィルターをトリム後に適用。
  - keepempty=TRUE 時に (0,0) の no-linker ペアを誤って "same" に分類する
    バグを修正。これにより _1.same.fastq が数十 GB に膨張する問題を解消。

--------------------------------------------------------------------------------
[4] マルチスレッド対応
--------------------------------------------------------------------------------

対象: R/alignBowtie.R
  - threads = 1 のハードコードを削除。
    引数 threads が bowtie の --threads オプションに正しく渡されるように修正。

対象: mango_SRA.R / mango_encode.R — alignBowtie (ローカル関数)
  - 上記と同じハードコード削除を適用。
  - SAM ファイルのソートも sort --parallel=<threads> でマルチスレッド化。

--------------------------------------------------------------------------------
[5] SIGHUP 保護（長時間実行の安全性）
--------------------------------------------------------------------------------

対象: R/alignBowtie.R / mango_SRA.R / mango_encode.R — alignBowtie
  - bowtie および sort の system() 呼び出しを以下の形式でラップ:
      bash -c 'trap "" HUP; <command>'
  - 背景: R の C 起動コードが sigaction() で SIGHUP ハンドラを上書きするため、
    nohup で起動しても端末切断時に bowtie が途中で強制終了される。
    子プロセスで trap "" HUP を実行することで SIG_IGN を再設定。

--------------------------------------------------------------------------------
[6] 終了コードチェック（エラー検出の強化）
--------------------------------------------------------------------------------

対象: R/alignBowtie.R / mango_SRA.R / mango_encode.R — alignBowtie
  - bowtie の system() 戻り値をチェックし、非 0 なら stop() でエラー報告。
  - sort の system() 戻り値も同様にチェック。

対象: R/callpeaks.R
  - MACS2 の system() 終了コードをチェック。
    失敗時は即時 stop() で原因を示すエラーメッセージを出力。
    Before: system(macscommand)  # 失敗しても続行
    After : exitcode = system(macscommand); if (exitcode != 0) stop(...)

--------------------------------------------------------------------------------
[7] SAM ソートキーの修正（ペアリング保証）
--------------------------------------------------------------------------------

対象: mango_encode.R — alignBowtie
  - SAM ソートキーをコロン区切りからドット区切りに変更。
    Before: sort -t : -k 5 -k 6 -k 7 -n  (ENCODE リード名のコロン区切り)
    After : sort -t . -k 2 -n             (ドット区切り第2フィールド = リード番号)
  - mango_SRA.R と統一し、buildBedpe が SAM1/SAM2 を正しくペアリングできる
    ように保証。

--------------------------------------------------------------------------------
[8] buildBedpe の修正
--------------------------------------------------------------------------------

対象: src/mangoC.cpp — buildBedpe
  - 行単位の同期読み込みをハッシュマップ方式に変更。
    SAM1 の全リードを unordered_map に格納し、SAM2 側からルックアップ。
    Before: name1 != name2 で break → 空 BEDPE 生成 → 下流クラッシュ
    After : 片方に存在しないリードは静かにスキップ

  - normalise_qname ヘルパー関数を抽出（重複ロジックの整理）。

  - SRA データ対応: strip_pair_suffix() ヘルパーを追加。
    SRA FASTQ の /1・/2 ペアエンドサフィックスを除去。
    例: SRR12762224.123456/1 vs /2 → 名前不一致を解消。

--------------------------------------------------------------------------------
[9] tagAlign / MACS2 修正
--------------------------------------------------------------------------------

対象: src/mangoC.cpp — buildTagAlign
  - BED スコアフィールド (列 5) を "." → "0" に変更。
    Before: outputvector.push_back(".");  // MACS2 が ValueError でクラッシュ
    After : outputvector.push_back("0"); // 有効な BED6 整数プレースホルダー

対象: R/extendpeaks.R
  - bedtools slop の出力を bedtools sort にパイプしてから bedtools merge へ。
    Before: slop | merge
    After : slop | sort -i - | merge
  - ENCODE narrowPeak 等スコアソートされたファイルでも動作するように修正。
    (bedtools merge はコーディネートソートを要求するため)

対象: R/callpeaks.R
  - MACS2 がゼロピークを出力した場合、read.table をtryCatchで保護。
    ゼロピーク時は warning を出して peak 名更新をスキップ（エラーにしない）。

--------------------------------------------------------------------------------
[10] Stage 5 ロバスト性強化
--------------------------------------------------------------------------------

対象: mango_SRA.R / mango_encode.R — Stage 5

  (a) combineputativepairs が NULL を返した場合:
      空の出力ファイル (.interactions.all.mango / .fdr.mango) を書いてスキップ。

  (b) 距離フィルター後にペア数が 0 の場合:
      空ファイルを書いてスキップ (クラッシュを防止)。

  (c) nrow(putpairs) < numofbins の場合:
      numofbins を nrow(putpairs) に自動縮小 (warning あり)。
      Before: fixed rep(0, numofbins) でアキュームレータ確保 → サイズ不一致
      After : rep(0, nrow(distance_IAB_model)) / nrow(depth_IAB_model) で動的確保

  (d) smooth.spline クラッシュ防止:
      _valid マスクに is.finite() 検査を追加し log10(0) = -Inf を除外。
      Before: !is.nan(x) & !is.na(x) & x > 0
      After : !is.nan(x) & !is.na(x) & x > 0 & is.finite(y)

  (e) ユニーク距離値が 4 未満の場合:
      "need at least four unique 'x' values" エラーを防止。
      空ファイルを書いて終了し warning を記録。

  (f) write_empty_interactions() ヘルパー関数で空出力ロジックを統一。

--------------------------------------------------------------------------------
[11] エラーハンドリングとログ出力の改善
--------------------------------------------------------------------------------

対象: mango_SRA.R

  - 各ステージ (1〜5) を tryCatch でラップ。
    エラー発生時も次ステージへ続行。

  - エラー内容を {prefix}.error.log に書き込み。

  - stage5_warnings を .mango.log の "Warnings:" セクションに追記。

  - {prefix}.stats.txt を常に最後に書き込み。
    実行サマリー (resultshash の全エントリ、警告、エラー) を含む。

  - Stage 2 開始前に stage-1 出力 FASTQ を事前検証:
      * ファイル存在確認
      * サイズ > 0 確認
      * 先頭行が '@' で始まる FASTQ 形式確認

対象: mango_encode.R

  - mango_SRA.R と同様の tryCatch / error.log / stats.txt 機能を適用
    (stage5_warnings の errors_occurred への追記は encode 側では未適用)。

--------------------------------------------------------------------------------
[12] FASTQ 読み名対応 (SRA vs ENCODE)
--------------------------------------------------------------------------------

  SRA フォーマット  (@SRR372741.1 ...)     → /1・/2 サフィックス除去
  ENCODE フォーマット (@HWI-ST689:...) → SAM ソートキーをドット区切りに統一

  両フォーマットで buildBedpe が正しくペアを組めることを確認。

--------------------------------------------------------------------------------
[13] レプリケートFASTQ自動マージ (--fastqdir)
--------------------------------------------------------------------------------

  - 新オプション --fastqdir を追加。
    指定ディレクトリ配下の *_1.fastq.gz / *_2.fastq.gz , *_R1.fastq.gz / *_R2.fastq.gz をアルファベット順に
    スキャンし、件数に応じて次の処理を行う:

      2件以上 : cat コマンドで連結（gzip展開なし）し、
                {prefix}_merged_1.fastq.gz / {prefix}_merged_2.fastq.gz を生成。
                Stage 1 完了直後にマージ済み一時ファイルを自動削除。
      1件のみ : そのまま fastq1 / fastq2 に設定（コピーなし）。
      0件     : エラー終了。
      _1/_2 数不一致: エラー終了。

  - --fastqdir 指定時は --fastq1 / --fastq2 の指定が不要。
    出力ファイル名はマージの有無に関わらず --prefix で指定した名称を使用。

--------------------------------------------------------------------------------
[14] FASTQ R1/R2 read ID 一致検証
--------------------------------------------------------------------------------

対象: src/mangoC.cpp — parseFastq

  - 各 PET について R1 と R2 の FASTQ ヘッダー read ID が一致するか検証。
   以下の正規化を適用して比較:
     * 最初の whitespace 以降を除去
     * '#' 以降を除去
     * trailing /1 または /2 サフィックスを除去 (strip_pair_suffix() を再利用)
     * underscore '_' は除去しない (normalise_qname() と同じ方針)

   対応フォーマット:
     @SRR123456.1/1  vs  @SRR123456.1/2       → 同一 PET として認識
     @SRR123456.1 some_comment (両 read 共通)  → 同一 PET として認識
     @HWI-ST689:... 1:N:0:  vs  2:N:0:        → 同一 PET として認識

  - 正規化後の ID が一致しない場合は Rcpp::stop() でエラーを報告。
   エラーには PET 番号と R1/R2 の ID を含める。
   例: FASTQ read-pair ID mismatch at PET 12345: @readA vs @readB

  Before: read ID 不一致を検出しない (silent data loss / PET 不整合の恐れ)
  After : 不一致 PET を検出し即時停止

--------------------------------------------------------------------------------
[15] FASTQ R1/R2 read 数不一致・レコード切断の検出
--------------------------------------------------------------------------------

対象: src/mangoC.cpp — parseFastq

  - 従来の silent break を以下のエラー報告に置き換え:

   (a) R1 の 1 レコードが 4 行未満 (切断された FASTQ):
       Rcpp::stop("Truncated FASTQ record in R1: fewer than 4 lines in last record")

   (b) R1 にまだ読むべきレコードがあるが R2 が先に EOF になった場合
       (R2 reads < R1 reads):
       Rcpp::stop("FASTQ pair count mismatch: R1 and R2 contain different numbers of reads")

   (c) R2 の 1 レコードが 4 行未満 (切断された FASTQ):
       Rcpp::stop("Truncated FASTQ record in R2: fewer than 4 lines in last record")

   (d) R1 が EOF になったあと R2 に残りのレコードがある場合
       (R2 reads > R1 reads):
       Rcpp::stop("FASTQ pair count mismatch: R1 and R2 contain different numbers of reads")
       ※ 末尾の空行は無視 (false positive 防止)

  Before: EOF に達すると break で正常終了 → read 数不一致が検出されない
  After : いずれの不整合も即時検出してエラーで停止

--------------------------------------------------------------------------------
[16] mango_SRA.R — pipeline エラー時の exit status 1
--------------------------------------------------------------------------------

対象: mango_SRA.R

  - .mango.log / .error.log / .stats.txt をすべて書き終えた後、
   errors_occurred が 1 件以上あれば quit(status=1) で終了。
   print("done") は errors_occurred が空の場合のみ表示。

  - 既存の tryCatch 構造・ログ出力処理・stats.txt 出力処理は変更なし。

  Before: エラーが発生しても最後まで到達すると status 0 で正常終了
         → HPC で失敗ジョブが success 扱いになる恐れ
  After : エラーがあれば status 1 で終了。ログ・stats は常に書き込まれる。

================================================================================

[17] Stage failure時の後続Stage実行防止

対象: mango_SRA.R

- errors_occurred が1件以上ある場合、後続Stageを実行しない。
- partial intermediate filesを下流解析に使用することを防止。
- log / stats出力後に既存の quit(status=1) で終了。
- 正常解析時の挙動は変更なし。

================================================================================

[18] Stage 5 BED scientific notation防止

対象: R/extendpeaks.R

- peaksfileslop の読み込みを `read_tsv(..., col_types = cols(.default = col_character()))`
  に変更し、BED座標を double に変換せず文字列のまま保持。

- peak名の更新を `mergedpeaks$V4` ではなく `mergedpeaks[[4]]` に変更。
  列名に依存せず、必ず4列目を `speak_1`, `speak_2`, ... で上書き。

- 書き戻しは `mergedpeaks[,1:4]` のみに限定し、出力を常に4列の BED-like format に統一。

Before: `read_tsv()` により start/end が numeric として読み込まれ、
        `write.table()` で `121000000` → `1.21e+08` のように出力される可能性があり後続のbedtoolsでエラーが発生する。
        また `mergedpeaks$V4` が新規5列目を追加し、4列目を書き換えないため、peadIDが意図しないものになっていた（解析結果には影響を及ぼさない）。

After : start/end は整数文字列のまま出力され、scientific notation を含まない。
        `speak_*` は常に4列目に格納され、Stage 5 の bedtools slop / intersect 入力として使用可能。

================================================================================

[19] Interaction P-value計算の数値安定性改善

対象: R/calcP.R

interaction の binomial upper-tail P-value 計算を、
1 - pbinom(...) から pbinom(..., lower.tail=FALSE) に変更。
非常に有意な interaction では pbinom() の lower-tail probability が
floating-point precision の制限により 1 に丸められることがあり、
1 - pbinom(...) の計算結果が 0 になる問題を修正。
数学的には従来と同じ binomial upper-tail probability を計算しており、
Mango の統計モデルや interaction の判定基準自体は変更しない。

Before:
P = 1 - pbinom(q=v[1]-1, size=v[2], prob=v[3])

極めて小さい P-value の場合、lower-tail probability が数値的に 1 と評価され、
1 - 1 = 0 となることで P-value が 0 になる場合がある。
その結果、BH correction 後の Q-value も 0 として
.interactions.fdr.mango に出力される。

After :
P = pbinom(q=v[1]-1, size=v[2], prob=v[3], lower.tail=FALSE)

upper-tail probability を直接計算することで、非常に小さい P-value でも
floating-point precision の範囲内でより安定して計算可能。
不必要な P-value / Q-value = 0 の発生を防止する。


--------------------------------------------------------------------------------
[20] Stage 6 — 中間ファイルの安全な gzip アーカイブ
--------------------------------------------------------------------------------

対象: mango_encode.R, mango_SRA.R, README.md

- Stage 1--4 が生成する以下の中間ファイルを gzip 圧縮する Stage 6 を追加。
  `<prefix>_1.same.fastq`, `<prefix>_2.same.fastq`,
  `<prefix>_1.chim.fastq`, `<prefix>_2.chim.fastq`,
  `<prefix>_1.same.sam`, `<prefix>_2.same.sam`,
  `<prefix>.bedpe`, `<prefix>.tagAlign`

- 各ファイルについて、同じディレクトリ内の一時ファイルへ `gzip -c` で圧縮し、
  `gzip -t` による検証と最終ファイル名への rename が成功した後に限り、
  元の非圧縮ファイルを削除する。

- 1ファイルの圧縮・検証・元ファイル削除を完了してから次のファイルを処理する。
  後続ファイルが失敗しても、先に正常終了したファイルは圧縮済みの状態を保つ。

- 元ファイルと既存の `.gz` が両方存在する場合は、元ファイルを正として
  既存アーカイブを置き換える。元ファイルがなく、有効な `.gz` のみ存在する場合は
  圧縮済みとして扱う。両方とも存在しない対象および空ファイルはスキップする。

- two-linker ChIA-PET で生成される非空の `<prefix>_1.chim.fastq` と
  `<prefix>_2.chim.fastq` も圧縮対象に含める。single-linker解析で生成される
  0 byte の `.chim.fastq` はスキップして非圧縮のまま残す。

- `--stages 6` による Stage 6 単独実行を可能にした。
  単独実行時は既存の `.mango.log`, `.error.log`, `.stats.txt` を削除しない。

- Stage 6 は `<prefix>.rmdup.bedpe`、interaction結果、peakファイル、ログ、
  PDFを圧縮しない。

- READMEに、Stages 2--5を再実行する場合の復元ファイルと、Stage 3または
  Stage 5から再開する場合の復元ファイルを記載した。


